// Jest Snapshot v1, https://goo.gl/fbAQLP

exports[`Users \`get\` should invoke \`call\` 1`] = `Array []`;

exports[`Users should expose API methods 1`] = `
Object {
  "fields": [Function],
  "get": [Function],
}
`;
