// Jest Snapshot v1, https://goo.gl/fbAQLP

exports[`Leads fields should get all fields 1`] = `
Object {
  "ADDRESS": Object {
    "isDynamic": false,
    "isImmutable": false,
    "isMultiple": false,
    "isReadOnly": false,
    "isRequired": false,
    "title": "Indirizzo",
    "type": "string",
  },
  "ADDRESS_2": Object {
    "isDynamic": false,
    "isImmutable": false,
    "isMultiple": false,
    "isReadOnly": false,
    "isRequired": false,
    "title": "Indirizzo (riga 2)",
    "type": "string",
  },
  "ADDRESS_CITY": Object {
    "isDynamic": false,
    "isImmutable": false,
    "isMultiple": false,
    "isReadOnly": false,
    "isRequired": false,
    "title": "Citt√†",
    "type": "string",
  },
  "ADDRESS_COUNTRY": Object {
    "isDynamic": false,
    "isImmutable": false,
    "isMultiple": false,
    "isReadOnly": false,
    "isRequired": false,
    "title": "Paese",
    "type": "string",
  },
  "ADDRESS_COUNTRY_CODE": Object {
    "isDynamic": false,
    "isImmutable": false,
    "isMultiple": false,
    "isReadOnly": false,
    "isRequired": false,
    "title": "Codice Paese",
    "type": "string",
  },
  "ADDRESS_LOC_ADDR_ID": Object {
    "isDynamic": false,
    "isImmutable": false,
    "isMultiple": false,
    "isReadOnly": false,
    "isRequired": false,
    "title": "Location address ID",
    "type": "integer",
  },
  "ADDRESS_POSTAL_CODE": Object {
    "isDynamic": false,
    "isImmutable": false,
    "isMultiple": false,
    "isReadOnly": false,
    "isRequired": false,
    "title": "CAP",
    "type": "string",
  },
  "ADDRESS_PROVINCE": Object {
    "isDynamic": false,
    "isImmutable": false,
    "isMultiple": false,
    "isReadOnly": false,
    "isRequired": false,
    "title": "Stato / Provincia",
    "type": "string",
  },
  "ADDRESS_REGION": Object {
    "isDynamic": false,
    "isImmutable": false,
    "isMultiple": false,
    "isReadOnly": false,
    "isRequired": false,
    "title": "Regione",
    "type": "string",
  },
  "ASSIGNED_BY_ID": Object {
    "isDynamic": false,
    "isImmutable": false,
    "isMultiple": false,
    "isReadOnly": false,
    "isRequired": false,
    "title": "Responsabile",
    "type": "user",
  },
  "BIRTHDATE": Object {
    "isDynamic": false,
    "isImmutable": false,
    "isMultiple": false,
    "isReadOnly": false,
    "isRequired": false,
    "title": "Data di nascita",
    "type": "date",
  },
  "COMMENTS": Object {
    "isDynamic": false,
    "isImmutable": false,
    "isMultiple": false,
    "isReadOnly": false,
    "isRequired": false,
    "title": "Commento",
    "type": "string",
  },
  "COMPANY_ID": Object {
    "isDynamic": false,
    "isImmutable": false,
    "isMultiple": false,
    "isReadOnly": false,
    "isRequired": false,
    "settings": Object {
      "parentEntityTypeId": 4,
    },
    "title": "Azienda",
    "type": "crm_company",
  },
  "COMPANY_TITLE": Object {
    "isDynamic": false,
    "isImmutable": false,
    "isMultiple": false,
    "isReadOnly": false,
    "isRequired": false,
    "title": "Nome azienda",
    "type": "string",
  },
  "CONTACT_ID": Object {
    "isDeprecated": true,
    "isDynamic": false,
    "isImmutable": false,
    "isMultiple": false,
    "isReadOnly": false,
    "isRequired": false,
    "title": "Contatto",
    "type": "crm_contact",
  },
  "CONTACT_IDS": Object {
    "isDynamic": false,
    "isImmutable": false,
    "isMultiple": true,
    "isReadOnly": false,
    "isRequired": false,
    "title": "CONTACT_IDS",
    "type": "crm_contact",
  },
  "CREATED_BY_ID": Object {
    "isDynamic": false,
    "isImmutable": false,
    "isMultiple": false,
    "isReadOnly": true,
    "isRequired": false,
    "title": "Creato da",
    "type": "user",
  },
  "CURRENCY_ID": Object {
    "isDynamic": false,
    "isImmutable": false,
    "isMultiple": false,
    "isReadOnly": false,
    "isRequired": false,
    "title": "Valuta",
    "type": "crm_currency",
  },
  "DATE_CLOSED": Object {
    "isDynamic": false,
    "isImmutable": false,
    "isMultiple": false,
    "isReadOnly": true,
    "isRequired": false,
    "title": "Completato il",
    "type": "datetime",
  },
  "DATE_CREATE": Object {
    "isDynamic": false,
    "isImmutable": false,
    "isMultiple": false,
    "isReadOnly": true,
    "isRequired": false,
    "title": "Creato il",
    "type": "datetime",
  },
  "DATE_MODIFY": Object {
    "isDynamic": false,
    "isImmutable": false,
    "isMultiple": false,
    "isReadOnly": true,
    "isRequired": false,
    "title": "Modificato il",
    "type": "datetime",
  },
  "EMAIL": Object {
    "isDynamic": false,
    "isImmutable": false,
    "isMultiple": true,
    "isReadOnly": false,
    "isRequired": false,
    "title": "E-mail",
    "type": "crm_multifield",
  },
  "HAS_EMAIL": Object {
    "isDynamic": false,
    "isImmutable": false,
    "isMultiple": false,
    "isReadOnly": true,
    "isRequired": false,
    "title": "Ha l'e-mail",
    "type": "char",
  },
  "HAS_IMOL": Object {
    "isDynamic": false,
    "isImmutable": false,
    "isMultiple": false,
    "isReadOnly": true,
    "isRequired": false,
    "title": "Ha un Canale aperto",
    "type": "char",
  },
  "HAS_PHONE": Object {
    "isDynamic": false,
    "isImmutable": false,
    "isMultiple": false,
    "isReadOnly": true,
    "isRequired": false,
    "title": "Ha il telefono",
    "type": "char",
  },
  "HONORIFIC": Object {
    "isDynamic": false,
    "isImmutable": false,
    "isMultiple": false,
    "isReadOnly": false,
    "isRequired": false,
    "statusType": "HONORIFIC",
    "title": "Formula di apertura",
    "type": "crm_status",
  },
  "ID": Object {
    "isDynamic": false,
    "isImmutable": false,
    "isMultiple": false,
    "isReadOnly": true,
    "isRequired": false,
    "title": "ID",
    "type": "integer",
  },
  "IM": Object {
    "isDynamic": false,
    "isImmutable": false,
    "isMultiple": true,
    "isReadOnly": false,
    "isRequired": false,
    "title": "Messenger",
    "type": "crm_multifield",
  },
  "IS_MANUAL_OPPORTUNITY": Object {
    "isDynamic": false,
    "isImmutable": false,
    "isMultiple": false,
    "isReadOnly": false,
    "isRequired": false,
    "title": "IS_MANUAL_OPPORTUNITY",
    "type": "char",
  },
  "IS_RETURN_CUSTOMER": Object {
    "isDynamic": false,
    "isImmutable": false,
    "isMultiple": false,
    "isReadOnly": true,
    "isRequired": false,
    "title": "Lead ripetuto",
    "type": "char",
  },
  "LAST_ACTIVITY_BY": Object {
    "isDynamic": false,
    "isImmutable": false,
    "isMultiple": false,
    "isReadOnly": true,
    "isRequired": false,
    "title": "LAST_ACTIVITY_BY",
    "type": "user",
  },
  "LAST_ACTIVITY_TIME": Object {
    "isDynamic": false,
    "isImmutable": false,
    "isMultiple": false,
    "isReadOnly": true,
    "isRequired": false,
    "title": "LAST_ACTIVITY_TIME",
    "type": "datetime",
  },
  "LAST_NAME": Object {
    "isDynamic": false,
    "isImmutable": false,
    "isMultiple": false,
    "isReadOnly": false,
    "isRequired": false,
    "title": "Cognome",
    "type": "string",
  },
  "LINK": Object {
    "isDynamic": false,
    "isImmutable": false,
    "isMultiple": true,
    "isReadOnly": false,
    "isRequired": false,
    "title": "LINK",
    "type": "crm_multifield",
  },
  "MODIFY_BY_ID": Object {
    "isDynamic": false,
    "isImmutable": false,
    "isMultiple": false,
    "isReadOnly": true,
    "isRequired": false,
    "title": "Modificato da",
    "type": "user",
  },
  "MOVED_BY_ID": Object {
    "isDynamic": false,
    "isImmutable": false,
    "isMultiple": false,
    "isReadOnly": true,
    "isRequired": false,
    "title": "MOVED_BY_ID",
    "type": "user",
  },
  "MOVED_TIME": Object {
    "isDynamic": false,
    "isImmutable": false,
    "isMultiple": false,
    "isReadOnly": true,
    "isRequired": false,
    "title": "MOVED_TIME",
    "type": "datetime",
  },
  "NAME": Object {
    "isDynamic": false,
    "isImmutable": false,
    "isMultiple": false,
    "isReadOnly": false,
    "isRequired": false,
    "title": "Nome",
    "type": "string",
  },
  "OPENED": Object {
    "isDynamic": false,
    "isImmutable": false,
    "isMultiple": false,
    "isReadOnly": false,
    "isRequired": false,
    "title": "Disponibile per tutti",
    "type": "char",
  },
  "OPPORTUNITY": Object {
    "isDynamic": false,
    "isImmutable": false,
    "isMultiple": false,
    "isReadOnly": false,
    "isRequired": false,
    "title": "Totale",
    "type": "double",
  },
  "ORIGINATOR_ID": Object {
    "isDynamic": false,
    "isImmutable": false,
    "isMultiple": false,
    "isReadOnly": false,
    "isRequired": false,
    "title": "Origine esterna",
    "type": "string",
  },
  "ORIGIN_ID": Object {
    "isDynamic": false,
    "isImmutable": false,
    "isMultiple": false,
    "isReadOnly": false,
    "isRequired": false,
    "title": "ID elemento in origine dati",
    "type": "string",
  },
  "PHONE": Object {
    "isDynamic": false,
    "isImmutable": false,
    "isMultiple": true,
    "isReadOnly": false,
    "isRequired": false,
    "title": "Telefono",
    "type": "crm_multifield",
  },
  "POST": Object {
    "isDynamic": false,
    "isImmutable": false,
    "isMultiple": false,
    "isReadOnly": false,
    "isRequired": false,
    "title": "Posizione",
    "type": "string",
  },
  "SECOND_NAME": Object {
    "isDynamic": false,
    "isImmutable": false,
    "isMultiple": false,
    "isReadOnly": false,
    "isRequired": false,
    "title": "Secondo nome",
    "type": "string",
  },
  "SOURCE_DESCRIPTION": Object {
    "isDynamic": false,
    "isImmutable": false,
    "isMultiple": false,
    "isReadOnly": false,
    "isRequired": false,
    "title": "Informazioni origine",
    "type": "string",
  },
  "SOURCE_ID": Object {
    "isDynamic": false,
    "isImmutable": false,
    "isMultiple": false,
    "isReadOnly": false,
    "isRequired": false,
    "statusType": "SOURCE",
    "title": "Origine",
    "type": "crm_status",
  },
  "STATUS_DESCRIPTION": Object {
    "isDynamic": false,
    "isImmutable": false,
    "isMultiple": false,
    "isReadOnly": false,
    "isRequired": false,
    "title": "Informazioni stato",
    "type": "string",
  },
  "STATUS_ID": Object {
    "isDynamic": false,
    "isImmutable": false,
    "isMultiple": false,
    "isReadOnly": false,
    "isRequired": false,
    "statusType": "STATUS",
    "title": "Stato",
    "type": "crm_status",
  },
  "STATUS_SEMANTIC_ID": Object {
    "isDynamic": false,
    "isImmutable": false,
    "isMultiple": false,
    "isReadOnly": true,
    "isRequired": false,
    "title": "Dettagli stato",
    "type": "string",
  },
  "TITLE": Object {
    "isDynamic": false,
    "isImmutable": false,
    "isMultiple": false,
    "isReadOnly": false,
    "isRequired": true,
    "title": "Nome lead",
    "type": "string",
  },
  "UF_CRM_1621500337": Object {
    "filterLabel": "Partita IVA (Azienda)",
    "formLabel": "Partita IVA (Azienda)",
    "isDynamic": true,
    "isImmutable": false,
    "isMultiple": false,
    "isReadOnly": false,
    "isRequired": false,
    "listLabel": "Partita IVA (Azienda)",
    "settings": Object {
      "DEFAULT_VALUE": "",
      "MAX_LENGTH": 0,
      "MIN_LENGTH": 0,
      "REGEXP": "",
      "ROWS": 1,
      "SIZE": 20,
    },
    "title": "UF_CRM_1621500337",
    "type": "string",
  },
  "UF_CRM_1635874008": Object {
    "filterLabel": "BACK_Telefono",
    "formLabel": "BACK_Telefono",
    "isDynamic": true,
    "isImmutable": false,
    "isMultiple": false,
    "isReadOnly": false,
    "isRequired": false,
    "listLabel": "BACK_Telefono",
    "settings": Object {
      "DEFAULT_VALUE": "",
      "MAX_LENGTH": 0,
      "MIN_LENGTH": 0,
      "REGEXP": "",
      "ROWS": 1,
      "SIZE": 20,
    },
    "title": "UF_CRM_1635874008",
    "type": "string",
  },
  "UF_CRM_1648540019024": Object {
    "filterLabel": "Codice Ateco",
    "formLabel": "Codice Ateco",
    "isDynamic": true,
    "isImmutable": false,
    "isMultiple": false,
    "isReadOnly": false,
    "isRequired": false,
    "listLabel": "Codice Ateco",
    "settings": Object {
      "DEFAULT_VALUE": null,
      "MAX_LENGTH": 0,
      "MIN_LENGTH": 0,
      "REGEXP": "",
      "ROWS": 1,
      "SIZE": 20,
    },
    "title": "UF_CRM_1648540019024",
    "type": "string",
  },
  "UF_CRM_1648540056": Object {
    "filterLabel": "n¬∞ dipendenti (maggiore o uguale di)",
    "formLabel": "n¬∞ dipendenti (maggiore o uguale di)",
    "isDynamic": true,
    "isImmutable": false,
    "isMultiple": false,
    "isReadOnly": false,
    "isRequired": false,
    "listLabel": "n¬∞ dipendenti (maggiore o uguale di)",
    "settings": Object {
      "DEFAULT_VALUE": null,
      "MAX_VALUE": 0,
      "MIN_VALUE": 0,
      "SIZE": 20,
    },
    "title": "UF_CRM_1648540056",
    "type": "integer",
  },
  "UF_CRM_1648540644165": Object {
    "filterLabel": "Fatturato azienda (maggiore o uguale di)",
    "formLabel": "Fatturato azienda (maggiore o uguale di)",
    "isDynamic": true,
    "isImmutable": false,
    "isMultiple": false,
    "isReadOnly": false,
    "isRequired": false,
    "listLabel": "Fatturato azienda (maggiore o uguale di)",
    "settings": Object {
      "DEFAULT_VALUE": "",
    },
    "title": "UF_CRM_1648540644165",
    "type": "money",
  },
  "UF_CRM_1648567698948": Object {
    "filterLabel": "Indirizzo (via e numero civico) (Azienda)",
    "formLabel": "Indirizzo (via e numero civico) (Azienda)",
    "isDynamic": true,
    "isImmutable": false,
    "isMultiple": false,
    "isReadOnly": false,
    "isRequired": false,
    "listLabel": "Indirizzo (via e numero civico) (Azienda)",
    "settings": Object {
      "DEFAULT_VALUE": null,
      "MAX_LENGTH": 0,
      "MIN_LENGTH": 0,
      "REGEXP": "",
      "ROWS": 1,
      "SIZE": 20,
    },
    "title": "UF_CRM_1648567698948",
    "type": "string",
  },
  "UF_CRM_1648567772706": Object {
    "filterLabel": "CAP (Azienda)",
    "formLabel": "CAP (Azienda)",
    "isDynamic": true,
    "isImmutable": false,
    "isMultiple": false,
    "isReadOnly": false,
    "isRequired": false,
    "listLabel": "CAP (Azienda)",
    "settings": Object {
      "DEFAULT_VALUE": null,
      "MAX_LENGTH": 0,
      "MIN_LENGTH": 0,
      "REGEXP": "",
      "ROWS": 1,
      "SIZE": 20,
    },
    "title": "UF_CRM_1648567772706",
    "type": "string",
  },
  "UF_CRM_1691578103539": Object {
    "filterLabel": "Area di interesse (puoi selezionarne pi√π di una)",
    "formLabel": "Area di interesse (puoi selezionarne pi√π di una)",
    "isDynamic": true,
    "isImmutable": false,
    "isMultiple": true,
    "isReadOnly": false,
    "isRequired": false,
    "items": Array [
      Object {
        "ID": "3104",
        "VALUE": "Aksilia Suite",
      },
      Object {
        "ID": "3105",
        "VALUE": "Bitrix",
      },
      Object {
        "ID": "3106",
        "VALUE": "Professional Services",
      },
      Object {
        "ID": "3107",
        "VALUE": "Finanza agevolata",
      },
      Object {
        "ID": "3108",
        "VALUE": "IT",
      },
      Object {
        "ID": "3109",
        "VALUE": "Studio Turri",
      },
    ],
    "listLabel": "Area di interesse (puoi selezionarne pi√π di una)",
    "settings": Object {
      "CAPTION_NO_VALUE": "",
      "DISPLAY": "UI",
      "LIST_HEIGHT": 1,
      "SHOW_NO_VALUE": "Y",
    },
    "title": "UF_CRM_1691578103539",
    "type": "enumeration",
  },
  "UF_CRM_1693496764240": Object {
    "filterLabel": "Di cosa si occupa l'azienda?",
    "formLabel": "Di cosa si occupa l'azienda?",
    "isDynamic": true,
    "isImmutable": false,
    "isMultiple": false,
    "isReadOnly": false,
    "isRequired": false,
    "listLabel": "Di cosa si occupa l'azienda?",
    "settings": Object {
      "DEFAULT_VALUE": null,
      "MAX_LENGTH": 0,
      "MIN_LENGTH": 0,
      "REGEXP": "",
      "ROWS": 1,
      "SIZE": 20,
    },
    "title": "UF_CRM_1693496764240",
    "type": "string",
  },
  "UF_CRM_1693496926987": Object {
    "filterLabel": "Sono stati fatti degli investimenti?",
    "formLabel": "Sono stati fatti degli investimenti?",
    "isDynamic": true,
    "isImmutable": false,
    "isMultiple": false,
    "isReadOnly": false,
    "isRequired": false,
    "listLabel": "Sono stati fatti degli investimenti?",
    "settings": Object {
      "DEFAULT_VALUE": null,
      "MAX_LENGTH": 0,
      "MIN_LENGTH": 0,
      "REGEXP": "",
      "ROWS": 1,
      "SIZE": 20,
    },
    "title": "UF_CRM_1693496926987",
    "type": "string",
  },
  "UF_CRM_1693496953923": Object {
    "filterLabel": "Sede legale",
    "formLabel": "Sede legale",
    "isDynamic": true,
    "isImmutable": false,
    "isMultiple": false,
    "isReadOnly": false,
    "isRequired": false,
    "listLabel": "Sede legale",
    "settings": Object {
      "DEFAULT_VALUE": null,
      "MAX_LENGTH": 0,
      "MIN_LENGTH": 0,
      "REGEXP": "",
      "ROWS": 1,
      "SIZE": 20,
    },
    "title": "UF_CRM_1693496953923",
    "type": "string",
  },
  "UF_CRM_1693496971715": Object {
    "filterLabel": "Sedi secondarie",
    "formLabel": "Sedi secondarie",
    "isDynamic": true,
    "isImmutable": false,
    "isMultiple": false,
    "isReadOnly": false,
    "isRequired": false,
    "listLabel": "Sedi secondarie",
    "settings": Object {
      "DEFAULT_VALUE": null,
      "MAX_LENGTH": 0,
      "MIN_LENGTH": 0,
      "REGEXP": "",
      "ROWS": 1,
      "SIZE": 20,
    },
    "title": "UF_CRM_1693496971715",
    "type": "string",
  },
  "UF_CRM_1693497041619": Object {
    "filterLabel": "Se si, di che tipo?",
    "formLabel": "Se si, di che tipo?",
    "isDynamic": true,
    "isImmutable": false,
    "isMultiple": false,
    "isReadOnly": false,
    "isRequired": false,
    "listLabel": "Se si, di che tipo?",
    "settings": Object {
      "DEFAULT_VALUE": null,
      "MAX_LENGTH": 0,
      "MIN_LENGTH": 0,
      "REGEXP": "",
      "ROWS": 1,
      "SIZE": 20,
    },
    "title": "UF_CRM_1693497041619",
    "type": "string",
  },
  "UF_CRM_1693499021981": Object {
    "filterLabel": "Conoscete la finanza agevolata?",
    "formLabel": "Conoscete la finanza agevolata?",
    "isDynamic": true,
    "isImmutable": false,
    "isMultiple": false,
    "isReadOnly": false,
    "isRequired": false,
    "listLabel": "Conoscete la finanza agevolata?",
    "settings": Object {
      "DEFAULT_VALUE": null,
      "MAX_LENGTH": 0,
      "MIN_LENGTH": 0,
      "REGEXP": "",
      "ROWS": 1,
      "SIZE": 20,
    },
    "title": "UF_CRM_1693499021981",
    "type": "string",
  },
  "UF_CRM_1693499047792": Object {
    "filterLabel": "Avete gi√† ottenuto altri contributi?",
    "formLabel": "Avete gi√† ottenuto altri contributi?",
    "isDynamic": true,
    "isImmutable": false,
    "isMultiple": false,
    "isReadOnly": false,
    "isRequired": false,
    "listLabel": "Avete gi√† ottenuto altri contributi?",
    "settings": Object {
      "DEFAULT_VALUE": null,
      "MAX_LENGTH": 0,
      "MIN_LENGTH": 0,
      "REGEXP": "",
      "ROWS": 1,
      "SIZE": 20,
    },
    "title": "UF_CRM_1693499047792",
    "type": "string",
  },
  "UF_CRM_1693499075288": Object {
    "filterLabel": "Se si, di che tipo?",
    "formLabel": "Se si, di che tipo?",
    "isDynamic": true,
    "isImmutable": false,
    "isMultiple": false,
    "isReadOnly": false,
    "isRequired": false,
    "listLabel": "Se si, di che tipo?",
    "settings": Object {
      "DEFAULT_VALUE": null,
      "MAX_LENGTH": 0,
      "MIN_LENGTH": 0,
      "REGEXP": "",
      "ROWS": 1,
      "SIZE": 20,
    },
    "title": "UF_CRM_1693499075288",
    "type": "string",
  },
  "UF_CRM_1694428917937": Object {
    "filterLabel": "Intestazione",
    "formLabel": "Intestazione",
    "isDynamic": true,
    "isImmutable": false,
    "isMultiple": false,
    "isReadOnly": false,
    "isRequired": false,
    "items": Array [
      Object {
        "ID": "3158",
        "VALUE": "Sig.",
      },
      Object {
        "ID": "3159",
        "VALUE": "Sig.ra",
      },
      Object {
        "ID": "3160",
        "VALUE": "Dott.",
      },
      Object {
        "ID": "3161",
        "VALUE": "Dott.ssa",
      },
      Object {
        "ID": "3162",
        "VALUE": "Gentile Sig.",
      },
      Object {
        "ID": "3163",
        "VALUE": "Gentile Sig.ra",
      },
    ],
    "listLabel": "Intestazione",
    "settings": Object {
      "CAPTION_NO_VALUE": "",
      "DISPLAY": "UI",
      "LIST_HEIGHT": 1,
      "SHOW_NO_VALUE": "Y",
    },
    "title": "UF_CRM_1694428917937",
    "type": "enumeration",
  },
  "UF_CRM_1695379285237": Object {
    "filterLabel": "Scheda azienda",
    "formLabel": "Scheda azienda",
    "isDynamic": true,
    "isImmutable": false,
    "isMultiple": false,
    "isReadOnly": false,
    "isRequired": false,
    "listLabel": "Scheda azienda",
    "settings": Object {
      "EXTENSIONS": Array [],
      "LIST_HEIGHT": 0,
      "LIST_WIDTH": 0,
      "MAX_ALLOWED_SIZE": 0,
      "MAX_SHOW_SIZE": 0,
      "SIZE": 20,
      "TARGET_BLANK": "Y",
    },
    "title": "UF_CRM_1695379285237",
    "type": "file",
  },
  "UF_CRM_1696326591519": Object {
    "filterLabel": "Inserito a mano",
    "formLabel": "Inserito a mano",
    "isDynamic": true,
    "isImmutable": false,
    "isMultiple": false,
    "isReadOnly": false,
    "isRequired": false,
    "listLabel": "Inserito a mano",
    "settings": Object {
      "DEFAULT_VALUE": 0,
      "DISPLAY": "CHECKBOX",
      "LABEL": Array [
        "",
        "",
      ],
      "LABEL_CHECKBOX": "Inserito a mano",
    },
    "title": "UF_CRM_1696326591519",
    "type": "boolean",
  },
  "UTM_CAMPAIGN": Object {
    "isDynamic": false,
    "isImmutable": false,
    "isMultiple": false,
    "isReadOnly": false,
    "isRequired": false,
    "title": "UTM campagna pubblicitaria",
    "type": "string",
  },
  "UTM_CONTENT": Object {
    "isDynamic": false,
    "isImmutable": false,
    "isMultiple": false,
    "isReadOnly": false,
    "isRequired": false,
    "title": "Contenuti campagna",
    "type": "string",
  },
  "UTM_MEDIUM": Object {
    "isDynamic": false,
    "isImmutable": false,
    "isMultiple": false,
    "isReadOnly": false,
    "isRequired": false,
    "title": "Medio",
    "type": "string",
  },
  "UTM_SOURCE": Object {
    "isDynamic": false,
    "isImmutable": false,
    "isMultiple": false,
    "isReadOnly": false,
    "isRequired": false,
    "title": "Sistema pubblicitario",
    "type": "string",
  },
  "UTM_TERM": Object {
    "isDynamic": false,
    "isImmutable": false,
    "isMultiple": false,
    "isReadOnly": false,
    "isRequired": false,
    "title": "Termine di ricerca campagna",
    "type": "string",
  },
  "WEB": Object {
    "isDynamic": false,
    "isImmutable": false,
    "isMultiple": true,
    "isReadOnly": false,
    "isRequired": false,
    "title": "Sito web",
    "type": "crm_multifield",
  },
}
`;
